Turbo Assembler	 Version 2.51	     02/28/22 15:57:29	    Page 1
lab_4.ASM



      1				     ;Program_5
      2	0000			     .MODEL SMALL
      3	0000			     .Stack 100h
      4	0000			     .Data ;Открыть сегмент данных
      5	0000  C6		     var_1 DB 11000110b	;определить переменную var_1 размером байт  +
      6				     с	начальным значением 11000110b
      7	0001  9FFE		     var_2 DW 9FFEh ;определить переменную var_2 размером слово с +
      8				     начальным	значением 9FFEh
      9	0003  ??		     var_3 DB ?	;определить переменную var_3 размером байт не	    +
     10				     задавая ее начального значения
     11	0004  ????		     var_4 DW ?	;определить переменную var_3 размером слово не   +
     12				     задавая ее начального значения
     13	0006  FF00FFEE		     N_1 DD 0FF00FFEEh ;определить переменную N_1 ;размером		    +
     14				     двойное слово с начальным значением	FF00FFEEh
     15	000A  ????????		     N_2 DD ? ;определить переменную N_2 ;размером двойное	    +
     16				     слово	не ;задавая ее начального значения
     17
     18	000E  41 73 73 65 6D 62	6C+  String DB "Assembler", "$"	;определить строку символов ;String,	    +
     19	      65 72 24		     каждый символ которой ;имеет размер байт	с		    +
     20				     начальным	;значением Assembler
     21	0018  07 09 1C 2E 27 1F	14+  M1	DB 7, 9, 28, 46, 39, 31, 20, 25	;определить массив с именем M1	    +
     22	      19		     ;состоящий из восьми числовых ;элементов	размером    +
     23				     байт
     24	0020  0C 0F 07 19 1F 26	14+  M2	DB 12, 15, 7, 25, 31, 38, 20, 63 ;определить массив с именем M1	    +
     25	      3F		     ;состоящий из восьми числовых ;элементов	размером    +
     26				     байт
     27	0028  0030 0100	012C 01FF +  Z1	DW 48, 256, 300, 511, 31, 512 ;определить массив с именем Z1	    +
     28	      001F 0200		     ;состоящий из шести числовых ;элементов размером	    +
     29				     слово
     30	0034  00EE 099F	0300 51AA    Z2	DW 0EEh, 99Fh, 300h, 51AAh ;определить массив с именем Z2	    +
     31				     ;состоящий из четырех числовых ;элементов размером  +
     32				     слово
     33	003C  51 57 45 52 54 59	55+  SIM DB "QWERTYUIOP"
     34	      49 4F 50
     35	0046  D0 99 D0 A6 D0 A3	D0+  DB	"ЙЦУКЕНГШЩЗ"
     36	      9A D0 95 D0 9D D0	93+
     37	      D0 A8 D0 A9 D0 97
     38	005A  50 4F 49 55 59 54	52+  DB	"POIUYTREWQ" ;создать массив с именем SIM из ;трех строк	по+
     39	      45 57 51		     10	символов в каждой
     40
     41	0064			     .Code ;Открыть сегмент кодов
     42	0000			     Start:
     43	0000  B8 0000s			 mov AX, @Data ;Инициализировать
     44	0003  8E D8			 mov DS, AX ;сегментный регистр DS
     45	0005  33 C0			 xor AX, AX ;Очистить регистр AX
     46
     47	0007  B8 83AA			 mov AX, 83AAh
     48	000A  A3 0004r			 mov var_4, AX
     49	000D  33 C0			 xor AX, AX
     50
     51	000F  BE 0000			 mov SI, 0
     52	0012  8B 84 002Ar		 mov AX, Z1[SI+2]
     53
     54	0016  09 06 0004r		 or var_4, AX
     55	001A  8B 1E 0004r		 mov BX, var_4
     56	001E  33 C0			 xor AX, AX
     57
Turbo Assembler	 Version 2.51	     02/28/22 15:57:29	    Page 2
lab_4.ASM



     58	0020  BE 0034r			 lea SI, Z2
     59	0023  89 1C			 mov [SI], BX
     60
     61	0025  BE 0034r			 lea SI, Z2
     62	0028  8B 0C			 mov CX, [SI]
     63	002A  8B 44 04			 mov AX, [SI+4]
     64
     65	002D  03 C1			 add AX, CX
     66
     67	002F  B8 4C00			 mov AX, 4C00h ;Завершить программу
     68	0032  CD 21			 int 21h ;с помощью DOS
     69
     70					 END Start ;Конец исходного модуля.
