Turbo Assembler	 Version 2.51	     02/21/22 13:12:03	    Page 1
LABA_2.ASM



      1				     ;Forma_2 – исходный модуль	для создания	*.com приложения  +
      2				     laba_2
      3	0000			     .MODEL TINY ; модель	памяти ближнего типа
      4	0000			     .CODE ; открыть сегмент кодов
      5				     ORG 100h ;	отвести 256 байт под PSP
      6	0100  EB 2C 90		     Begin: jmp	Start ;	безусловный переход на первую	команду
      7
      8	0103  4D 79 20 6E 61 6D	65+  Greet DB 'My name is Sumin	Nikita', 13, 10, 'My group IST-93', 13,	10, '$'
      9	      20 69 73 20 53 75	6D+
     10	      69 6E 20 4E 69 6B	69+
     11	      74 61 0D 0A 4D 79	20+
     12	      67 72 6F 75 70 20	49+
     13	      53 54 2D 39 33 0D	0A+
     14	      24
     15	012E			     Start:
     16	012E  B4 09			 mov AH, 09h ;Вывести строку Greet
     17	0130  BA 0103r			 mov DX, OFFSET	Greet ;на экран с помощью
     18	0133  CD 21			 int 21h ;DOS
     19	0135  B0 00			 mov AL, 0 ;Завершить программу
     20	0137  B4 4C			 mov AH, 4Ch ;с помощью
     21	0139  CD 21			 int 21h ;DOS
     22				     END Begin ; конец исходного модуля.
